RAM Allocation [bytes]
Variable                                                                          Address   Size
------------------------------------------------------------------------------------------------
pm80                                                                              0x0300       2
m90                                                                               0x0302       2
pm90                                                                              0x0304       2
m100                                                                              0x0306       2
pm100                                                                             0x0308       2
timer                                                                             0x030A       4
timer2                                                                            0x030E       4

EEPROM Allocation [bytes]
Variable                                                                          Address   Size
------------------------------------------------------------------------------------------------

Register Allocation
Variable                                                                          Register  Size
------------------------------------------------------------------------------------------------
a                                                                                 R3,R4        2
m60                                                                               R5,R6        2
pm60                                                                              R7,R8        2
m70                                                                               R9,R10       2
pm70                                                                              R11,R12      2
m80                                                                               R13,R14      2

FLASH Allocation [words]
Function                                                                          Address   Size
------------------------------------------------------------------------------------------------
timer0_ovf_isr                                                                    0x00056     53
read_adc                                                                          0x0008B     28
vivod                                                                             0x000A7     95
main                                                                              0x00106    305
