RAM Allocation [bytes]
Variable                                                                          Address   Size
------------------------------------------------------------------------------------------------
m80                                                                               0x0300       2
pm80                                                                              0x0302       2
m90                                                                               0x0304       2
pm90                                                                              0x0306       2
m100                                                                              0x0308       2
pm100                                                                             0x030A       2
timer                                                                             0x030C       4
timer2                                                                            0x0310       4
kol                                                                               0x0314       1
tt1                                                                               0x0315       1
tr2                                                                               0x0316       1

EEPROM Allocation [bytes]
Variable                                                                          Address   Size
------------------------------------------------------------------------------------------------

Register Allocation
Variable                                                                          Register  Size
------------------------------------------------------------------------------------------------
a                                                                                 R3,R4        2
sum                                                                               R5,R6        2
m60                                                                               R7,R8        2
pm60                                                                              R9,R10       2
m70                                                                               R11,R12      2
pm70                                                                              R13,R14      2
flag_zvuk                                                                         GPIOR0.0  1bit
flag_vikl                                                                         GPIOR0.1  1bit

FLASH Allocation [words]
Function                                                                          Address   Size
------------------------------------------------------------------------------------------------
timer0_ovf_isr                                                                    0x00056     53
read_adc                                                                          0x0008B     28
timer2_ovf_isr                                                                    0x000A7     64
vivod                                                                             0x000E7     92
main                                                                              0x00143    382
